// Jest Snapshot v1, https://goo.gl/fbAQLP

exports[`docs-footer Render logic should render 1`] = `
<docs-footer>
  <docs-container class="css-y7udmp">
    <div class="css-ens8oe">
      <div class="css-1yxcpri">
        <img src="/assets/logo-light.svg">
        <div>
          <h3>
            Amplify
          </h3>
          <docs-internal-link href="/start">
            Getting Started
          </docs-internal-link>
          <amplify-external-link href="https://discord.gg/amplify">
            Support
          </amplify-external-link>
        </div>
        <div>
          <h3>
            Community
          </h3>
          <amplify-external-link href="https://amplify.aws/community/events">
            Events
          </amplify-external-link>
          <amplify-external-link href="https://amplify.aws/community/posts">
            Posts
          </amplify-external-link>
          <amplify-external-link href="https://amplify.aws/community/contributors">
            Members
          </amplify-external-link>
          <amplify-external-link href="https://amplify.aws/community/newsletters">
            Newsletters
          </amplify-external-link>
        </div>
      </div>
      <div class="css-1aoccyr">
        <div class="css-y1qw85">
          <amplify-external-link anchortitle="Twitter" href="https://twitter.com/AWSAmplify">
            <img src="/assets/twitter.svg">
          </amplify-external-link>
          <amplify-external-link anchortitle="Discord" href="https://discord.gg/amplify">
            <img alt="Discord Logo" src="/assets/discord-white.svg">
          </amplify-external-link>
          <amplify-external-link anchortitle="GitHub" href="https://github.com/aws-amplify">
            <img src="/assets/github-light.svg">
          </amplify-external-link>
        </div>
        <div class="css-19lbeye">
          <span>
            <img src="/assets/aws.svg">
            Amplify open source, documentation and community are supported by Amazon Web Services © 2020, Amazon Web Services, Inc. and its affiliates. All rights reserved. View the
            <amplify-external-link href="https://aws.amazon.com/terms/">
              site terms
            </amplify-external-link>
            and
            <amplify-external-link href="https://aws.amazon.com/privacy/">
              privacy policy
            </amplify-external-link>
            .
            <ul></ul>
            Flutter and the related logo are trademarks of Google LLC. We are not endorsed by or affiliated with Google LLC.
          </span>
        </div>
      </div>
    </div>
  </docs-container>
</docs-footer>
`;
