// Jest Snapshot v1, https://goo.gl/fbAQLP

exports[`docs-four-o-four Render logic should render 1`] = `
<docs-four-o-four class="css-it9o5g">
  <div>
    <h1>
      404
    </h1>
    <p>
      Apologies––we can't seem to find the page for which you're looking. If this is a mistake, please
      <amplify-external-link href="https://github.com/aws-amplify/docs/issues/new?title=[missing-page]&amp;labels=v2&amp;body=**Page**:%20%5B%60http://testing.stenciljs.com/%60%5D(http://testing.stenciljs.com/)%0A%0A**Feedback**:%20%3C!--%20your%20feedback%20here%20--%3E%0A">
        file an issue
      </amplify-external-link>
      and we'll fix it ASAP.
    </p>
    <docs-internal-link-button href="/">
      Return to the landing page
    </docs-internal-link-button>
  </div>
</docs-four-o-four>
`;
