// Jest Snapshot v1, https://goo.gl/fbAQLP

exports[`amplify-card Render logic should render 1`] = `
<docs-card class="css-1bcvumb">
  <!---->
  <docs-internal-link qsps="">
    <div class="css-fgu2xk">
      <div class="css-i36jdi"></div>
      <div class="css-16zu5pg">
      </div>
    </div>
  </docs-internal-link>
</docs-card>
`;
