// Jest Snapshot v1, https://goo.gl/fbAQLP

exports[`docs-internal-link-button Render logic should render 1`] = `
<docs-internal-link-button class="css-fx7q5a">
  <!---->
  <docs-internal-link class="css-sj53un" qsps="">
    <div class="css-8odve0"></div>
    <div></div>
  </docs-internal-link>
</docs-internal-link-button>
`;
