// Jest Snapshot v1, https://goo.gl/fbAQLP

exports[`docs-repo-actions Render logic should render 1`] = `
<docs-repo-actions class="css-1bbh6oj">
  <amplify-external-link href="https://github.com/aws-amplify/docs/issues/new?title=[Feedback]FEEDBACK_TITLE_HERE&amp;labels=&amp;body=**Page**%3A%20%5B%60%2F%60%5D(http%3A%2F%2Ftesting.stenciljs.com%2F)%0A%0A**Feedback**%3A%0A%0A%3C!--%20your%20feedback%20here%20--%3E">
    <img alt="Feedback" src="/assets/flag.svg">
    Feedback
  </amplify-external-link>
  <amplify-external-link href="https://github.com/aws-amplify/docs/edit/main/docs/undefined">
    <img alt="Edit" src="/assets/github.svg">
    Edit
  </amplify-external-link>
</docs-repo-actions>
`;
