// Jest Snapshot v1, https://goo.gl/fbAQLP

exports[`docs-hero Render logic should render 1`] = `
<docs-hero class="css-13l53i2">
  <!---->
  <h1 slot="heading">
    Heading
  </h1>
  <h3 slot="subheading">
    Subheading
  </h3>
  <docs-landing-hero-cta slot="cta"></docs-landing-hero-cta>
</docs-hero>
`;
