// Jest Snapshot v1, https://goo.gl/fbAQLP

exports[`amplify-code-block Render logic should render 1`] = `
<amplify-code-block class="css-1rchjef css-75wbz6 three-dee-effect">
  <!---->
  <div class="css-1e7418a"></div>
  <button class="css-tbb6d0">
    <span>
      copy
    </span>
  </button>
</amplify-code-block>
`;
