// Jest Snapshot v1, https://goo.gl/fbAQLP

exports[`docs-secondary-nav Render logic should render 1`] = `
<docs-secondary-nav class="css-ay160a" id="secondary-nav">
  <docs-container>
    <div class="css-16891c2">
      <div>
        <div>
          <docs-internal-link childactiveclass="css-pnqqcs" href="/start">
            <span>
              Getting Started
            </span>
          </docs-internal-link>
          <docs-internal-link childactiveclass="css-pnqqcs" href="/lib">
            <span>
              Libraries
            </span>
          </docs-internal-link>
          <docs-internal-link childactiveclass="css-pnqqcs" href="/ui">
            <span>
              UI Components
            </span>
          </docs-internal-link>
          <docs-internal-link childactiveclass="css-pnqqcs" href="/cli">
            <span>
              CLI
            </span>
          </docs-internal-link>
          <docs-internal-link childactiveclass="css-pnqqcs" href="/console">
            <span>
              Console
            </span>
          </docs-internal-link>
          <docs-internal-link childactiveclass="css-pnqqcs" href="/guides">
            <span>
              Guides
            </span>
          </docs-internal-link>
          <div class="css-1r4lk6l"></div>
        </div>
      </div>
    </div>
  </docs-container>
</docs-secondary-nav>
`;
