// Jest Snapshot v1, https://goo.gl/fbAQLP

exports[`docs-page Render logic should render 1`] = `
<docs-page class="css-ntiofr">
  <docs-universal-nav-blend brand-icon="/assets/logo-dark.svg" heading="Amplify Docs"></docs-universal-nav-blend>
  <docs-secondary-nav></docs-secondary-nav>
  <div class="css-hj6f3l">
    <amplify-toc-provider>
      <amplify-sidebar-layout>
        <div class="css-1oqiadb">
          <amplify-sidebar-layout-main class="css-1j9n6qe">
            <amplify-toc-contents>
              <div>
                <h1 class="category-heading css-6tygts"></h1>
                <h1 class="page-heading"></h1>
                <docs-next-previous></docs-next-previous>
              </div>
            </amplify-toc-contents>
            <amplify-sidebar-layout-toggle class="three-dee-effect" in-view-class="in-view">
              <img class="burger-graphic" src="/assets/burger.svg">
              <img class="ex-graphic" src="/assets/close.svg">
            </amplify-sidebar-layout-toggle>
          </amplify-sidebar-layout-main>
          <div class="css-34jkc1">
            <div>
              <amplify-toc></amplify-toc>
            </div>
          </div>
        </div>
      </amplify-sidebar-layout>
    </amplify-toc-provider>
  </div>
  <docs-footer></docs-footer>
</docs-page>
`;
